HG00097 RCCX markers 1107 depth 11.5
HG00097 DRB markers 8348 depth 10.5
HG00099 RCCX markers 1107 depth 13.5
HG00099 DRB markers 8348 depth 13.0
HG00126 RCCX markers 1106 depth 15.5
HG00126 DRB markers 8348 depth 13.5
HG00128 RCCX markers 1104 depth 15.0
HG00128 DRB markers 8348 depth 14.0
HG00133 RCCX markers 1107 depth 18.0
HG00133 DRB markers 8347 depth 16.5
HG00140 RCCX markers 1107 depth 11.5
HG00140 DRB markers 8348 depth 11.5
HG00146 RCCX markers 1107 depth 14.5
HG00146 DRB markers 8348 depth 14.5
HG00232 RCCX markers 1107 depth 18.0
HG00232 DRB markers 8348 depth 18.5
HG00235 RCCX markers 1107 depth 12.5
HG00235 DRB markers 8348 depth 11.5
HG00253 RCCX markers 1107 depth 12.5
HG00253 DRB markers 8348 depth 11.5
HG00272 RCCX markers 1107 depth 16.0
HG00272 DRB markers 8348 depth 15.0
HG00280 RCCX markers 1104 depth 12.0
HG00280 DRB markers 8348 depth 11.5
HG00290 RCCX markers 1105 depth 16.5
HG00290 DRB markers 8348 depth 14.5
HG00320 RCCX markers 1107 depth 13.0
HG00320 DRB markers 8348 depth 12.75
HG00321 RCCX markers 1107 depth 20.0
HG00321 DRB markers 8348 depth 18.0
HG00323 RCCX markers 1107 depth 10.0
HG00323 DRB markers 8339 depth 9.5
HG00329 RCCX markers 1107 depth 11.5
HG00329 DRB markers 8346 depth 11.0
HG00344 RCCX markers 1107 depth 12.25
HG00344 DRB markers 8347 depth 11.0
HG00350 RCCX markers 1107 depth 14.5
HG00350 DRB markers 8348 depth 14.5
HG01167 RCCX markers 1107 depth 17.0
HG01167 DRB markers 8348 depth 15.5
HG01530 RCCX markers 1105 depth 10.5
HG01530 DRB markers 8348 depth 10.5
HG01784 RCCX markers 1107 depth 11.0
HG01784 DRB markers 8348 depth 10.5
HG01786 RCCX markers 1107 depth 18.0
HG01786 DRB markers 8348 depth 17.5
HG02040 RCCX markers 1107 depth 11.0
HG02040 DRB markers 8348 depth 10.5
HG02155 RCCX markers 1107 depth 10.5
HG02155 DRB markers 8348 depth 10.0
HG02165 RCCX markers 1107 depth 10.5
HG02165 DRB markers 8348 depth 10.5
HG02178 RCCX markers 1107 depth 11.0
HG02178 DRB markers 8347 depth 10.0
HG02391 RCCX markers 1106 depth 10.0
HG02391 DRB markers 8348 depth 10.0
HG02392 RCCX markers 1107 depth 11.5
HG02392 DRB markers 8347 depth 11.0
HG02583 RCCX markers 1106 depth 14.5
HG02583 DRB markers 8348 depth 13.0
HG02922 RCCX markers 1107 depth 10.5
HG02922 DRB markers 8348 depth 10.0
HG02976 RCCX markers 1105 depth 12.0
HG02976 DRB markers 8348 depth 11.0
HG03130 RCCX markers 1107 depth 15.25
HG03130 DRB markers 8348 depth 15.5
HG03139 RCCX markers 1107 depth 12.0
HG03139 DRB markers 8348 depth 11.5
HG03195 RCCX markers 1107 depth 10.5
HG03195 DRB markers 8348 depth 10.5
HG03209 RCCX markers 1107 depth 11.5
HG03209 DRB markers 8349 depth 10.5
HG03225 RCCX markers 1107 depth 12.0
HG03225 DRB markers 8348 depth 10.5
HG03270 RCCX markers 1105 depth 17.5
HG03270 DRB markers 8348 depth 17.5
HG03369 RCCX markers 1107 depth 14.0
HG03369 DRB markers 8348 depth 13.0
HG03470 RCCX markers 1103 depth 10.5
HG03470 DRB markers 8347 depth 10.5
HG03521 RCCX markers 1107 depth 11.5
HG03521 DRB markers 8345 depth 11.0
HG03583 RCCX markers 1107 depth 11.0
HG03583 DRB markers 8348 depth 10.0
HG03742 RCCX markers 1107 depth 11.0
HG03742 DRB markers 8348 depth 11.0
HG03784 RCCX markers 1107 depth 11.0
HG03784 DRB markers 8348 depth 10.5
HG03874 RCCX markers 1107 depth 11.5
HG03874 DRB markers 8348 depth 11.0
NA18505 RCCX markers 1107 depth 11.0
NA18505 DRB markers 8348 depth 10.5
NA18508 RCCX markers 1107 depth 16.5
NA18508 DRB markers 8348 depth 16.0
NA18522 RCCX markers 1107 depth 9.5
NA18522 DRB markers 8348 depth 10.0
NA18565 RCCX markers 1107 depth 16.0
NA18565 DRB markers 8348 depth 15.5
NA18570 RCCX markers 1107 depth 11.0
NA18570 DRB markers 8348 depth 10.5
NA18608 RCCX markers 1107 depth 11.0
NA18608 DRB markers 8348 depth 9.5
NA18620 RCCX markers 1106 depth 13.0
NA18620 DRB markers 8348 depth 11.5
NA18747 RCCX markers 1107 depth 11.0
NA18747 DRB markers 8348 depth 10.5
NA18879 RCCX markers 1107 depth 14.0
NA18879 DRB markers 8348 depth 13.0
NA18940 RCCX markers 1107 depth 11.0
NA18940 DRB markers 8348 depth 10.5
NA18943 RCCX markers 1107 depth 11.5
NA18943 DRB markers 8348 depth 10.5
NA18944 RCCX markers 1107 depth 10.5
NA18944 DRB markers 8349 depth 10.0
NA18945 RCCX markers 1107 depth 11.5
NA18945 DRB markers 8348 depth 11.0
NA18948 RCCX markers 1106 depth 10.25
NA18948 DRB markers 8348 depth 10.5
NA18952 RCCX markers 1106 depth 11.75
NA18952 DRB markers 8348 depth 10.5
NA18959 RCCX markers 1107 depth 15.5
NA18959 DRB markers 8348 depth 15.0
NA18960 RCCX markers 1105 depth 11.5
NA18960 DRB markers 8348 depth 11.0
NA18967 RCCX markers 1107 depth 12.0
NA18967 DRB markers 8348 depth 11.5
NA18970 RCCX markers 1107 depth 14.0
NA18970 DRB markers 8348 depth 13.5
NA18971 RCCX markers 1107 depth 10.25
NA18971 DRB markers 8348 depth 11.0
NA18974 RCCX markers 1107 depth 12.5
NA18974 DRB markers 8348 depth 12.0
NA18976 RCCX markers 1107 depth 11.0
NA18976 DRB markers 8348 depth 10.5
NA18982 RCCX markers 1107 depth 9.5
NA18982 DRB markers 8348 depth 9.5
NA18983 RCCX markers 1107 depth 9.5
NA18983 DRB markers 8348 depth 9.5
NA18990 RCCX markers 1107 depth 12.5
NA18990 DRB markers 8348 depth 11.5
NA19007 RCCX markers 1107 depth 10.5
NA19007 DRB markers 8348 depth 9.5
NA19036 RCCX markers 1107 depth 15.0
NA19036 DRB markers 8348 depth 15.0
NA19043 RCCX markers 1107 depth 12.0
NA19043 DRB markers 8348 depth 11.0
NA19066 RCCX markers 1107 depth 11.5
NA19066 DRB markers 8348 depth 9.5
NA19079 RCCX markers 1107 depth 15.0
NA19079 DRB markers 8348 depth 15.0
NA19087 RCCX markers 1107 depth 11.5
NA19087 DRB markers 8348 depth 10.5
NA19088 RCCX markers 1107 depth 11.0
NA19088 DRB markers 8348 depth 11.0
NA19159 RCCX markers 1107 depth 12.5
NA19159 DRB markers 8348 depth 11.5
NA19185 RCCX markers 1107 depth 12.5
NA19185 DRB markers 8348 depth 12.0
NA19338 RCCX markers 1100 depth 10.5
NA19338 DRB markers 8347 depth 10.0
NA19391 RCCX markers 1106 depth 11.5
NA19391 DRB markers 8349 depth 11.0
NA19443 RCCX markers 1107 depth 12.0
NA19443 DRB markers 8347 depth 11.0
NA19468 RCCX markers 1107 depth 10.5
NA19468 DRB markers 8345 depth 10.5
NA19682 RCCX markers 1107 depth 10.5
NA19682 DRB markers 8348 depth 10.0
NA19700 RCCX markers 1105 depth 10.5
NA19700 DRB markers 8347 depth 10.0
NA19776 RCCX markers 1107 depth 11.5
NA19776 DRB markers 8348 depth 11.0
NA19835 RCCX markers 1107 depth 15.0
NA19835 DRB markers 8348 depth 13.5
NA19909 RCCX markers 1107 depth 11.5
NA19909 DRB markers 8348 depth 10.0
NA20282 RCCX markers 1106 depth 10.0
NA20282 DRB markers 8347 depth 10.0
NA20346 RCCX markers 1107 depth 11.75
NA20346 DRB markers 8347 depth 11.0
NA20503 RCCX markers 1106 depth 12.0
NA20503 DRB markers 8348 depth 12.0
NA20752 RCCX markers 1107 depth 11.0
NA20752 DRB markers 8348 depth 10.5
NA20762 RCCX markers 1107 depth 17.5
NA20762 DRB markers 8348 depth 16.5
NA20799 RCCX markers 1106 depth 11.5
NA20799 DRB markers 8347 depth 11.0
NA20805 RCCX markers 1107 depth 12.5
NA20805 DRB markers 8348 depth 11.5
NA20806 RCCX markers 1107 depth 12.0
NA20806 DRB markers 8348 depth 11.5
NA20809 RCCX markers 1107 depth 10.5
NA20809 DRB markers 8348 depth 11.5
NA20827 RCCX markers 1106 depth 13.5
NA20827 DRB markers 8348 depth 12.5
NA20850 RCCX markers 1107 depth 15.75
NA20850 DRB markers 8347 depth 15.5
NA20870 RCCX markers 1107 depth 9.75
NA20870 DRB markers 8348 depth 10.0
NA20905 RCCX markers 1107 depth 15.5
NA20905 DRB markers 8348 depth 15.5
NA21093 RCCX markers 1107 depth 14.0
NA21093 DRB markers 8348 depth 13.5
NA21102 RCCX markers 1107 depth 14.0
NA21102 DRB markers 8348 depth 13.0
NA21106 RCCX markers 1107 depth 17.75
NA21106 DRB markers 8348 depth 16.0
NA21110 RCCX markers 1107 depth 16.0
NA21110 DRB markers 8348 depth 15.0
NA21144 RCCX markers 1107 depth 10.0
NA21144 DRB markers 8348 depth 8.5
[
  {
    "locus": "RCCX",
    "method": "path_multiplicity",
    "n": 106,
    "pair_correct": 38,
    "cn_correct": 52,
    "unique_calls": 106,
    "unrepresented_truth": 6
  },
  {
    "locus": "RCCX",
    "method": "binary_paths",
    "n": 106,
    "pair_correct": 64,
    "cn_correct": 76,
    "unique_calls": 101,
    "unrepresented_truth": 6
  },
  {
    "locus": "RCCX",
    "method": "flat_sequence_catalogue",
    "n": 106,
    "pair_correct": 38,
    "cn_correct": 52,
    "unique_calls": 106,
    "unrepresented_truth": 6
  },
  {
    "locus": "RCCX",
    "method": "assembly_profile_oracle",
    "n": 106,
    "pair_correct": 90,
    "cn_correct": 106,
    "unique_calls": 105,
    "unrepresented_truth": 6
  },
  {
    "locus": "DRB",
    "method": "path_multiplicity",
    "n": 106,
    "pair_correct": 106,
    "cn_correct": 106,
    "unique_calls": 106,
    "unrepresented_truth": 0
  },
  {
    "locus": "DRB",
    "method": "binary_paths",
    "n": 106,
    "pair_correct": 106,
    "cn_correct": 106,
    "unique_calls": 106,
    "unrepresented_truth": 0
  },
  {
    "locus": "DRB",
    "method": "flat_sequence_catalogue",
    "n": 106,
    "pair_correct": 106,
    "cn_correct": 106,
    "unique_calls": 106,
    "unrepresented_truth": 0
  },
  {
    "locus": "DRB",
    "method": "assembly_profile_oracle",
    "n": 106,
    "pair_correct": 106,
    "cn_correct": 106,
    "unique_calls": 106,
    "unrepresented_truth": 0
  }
]
