{
  "k": 31,
  "selection": "splitmix64(canonical_2bit_kmer)&63 == 0",
  "markers": 11917,
  "paths": 1182,
  "eligible_diploid_donors": 106,
  "selected_donors": [
    "HG00146",
    "HG00232",
    "HG00321",
    "HG00329",
    "HG01786",
    "HG02392",
    "HG03139",
    "HG03195",
    "HG03225",
    "HG03784",
    "NA18505",
    "NA18948",
    "NA18952",
    "NA18974",
    "NA19007",
    "NA19159",
    "NA21106",
    "NA21144"
  ],
  "strata": {
    "(1, 1)": [
      "HG00146"
    ],
    "(1, 2)": [
      "HG00321",
      "NA18505",
      "NA19007"
    ],
    "(2, 2)": [
      "HG01786",
      "NA21106",
      "HG03225"
    ],
    "(2, 3)": [
      "HG00232",
      "HG00329",
      "HG03784"
    ],
    "(2, 4)": [
      "HG02392",
      "NA18948",
      "NA18952"
    ],
    "(3, 3)": [
      "NA18974",
      "NA19159"
    ]
  },
  "per_fold_minimum_independent_families": 3
}
