HLA-A 0a43cb72b419 1 1
HLA-A 3bdb0bb5dfb2 3 1
HLA-A 631f4bfc55f5 10 1
HLA-A 9bb712374e9c 2 1
HLA-A a32dad94a625 2 1
HLA-A edc0625baf0a 4 1
HLA-B aeef6a2237ae 1 1
HLA-C 5948b39ec166 1 1
HLA-C 79ad8d4aa3e7 3 1
HLA-C a9bcc74a9f2f 1 1
HLA-DPA1 a6a5410a1750 1 1
HLA-DPA1 aaf756c40cca 1 1
HLA-DPB1 c6545df9d78d 1 1
HLA-DQA1 c34cfadfb132 1 1
HLA-DQB1 b35bde913e75 1 1
HLA-DRB1 09e496e8c273 2 1
HLA-DRB1 1b4917989a10 12 1
HLA-DRB1 262af3b457b0 9 1
HLA-DRB1 271f04c1400f 3 1
HLA-DRB1 2e91983c9306 2 1
HLA-DRB1 45368816a077 1 1
HLA-DRB1 4a5a3aab8f15 4 1
HLA-DRB1 4bc5d3718206 1 1
HLA-DRB1 4ccfb6ddef0e 2 1
HLA-DRB1 6efc31831b02 1 1
HLA-DRB1 7393fef105d5 6 1
HLA-DRB1 75110f5d6cde 8 1
HLA-DRB1 7fce140dcb2b 6 1
HLA-DRB1 8ee3991776a6 1 1
HLA-DRB1 951689df20da 9 1
HLA-DRB1 9bf8196678ed 3 1
HLA-DRB1 a23ab9e5e0fd 1 3
HLA-DRB1 ad48d0a39382 1 1
HLA-DRB1 ba0192aed98e 1 1
HLA-DRB1 cbe163f3f871 2 1
HLA-DRB1 d462c8104ee6 1 1
HLA-DRB1 e06cf1f9de9c 3 1
HLA-DRB1 e9bd202d352d 1 1
HLA-DRB1 f249aa2592a2 3 1
HLA-DRB1 fc8aeba3d653 2 1
HLA-DRB4 184d6a423c2b 3 2
HLA-DRB5 07d6464f2ca9 4 1
HLA-DRB5 189ee1572bd8 1 1
HLA-DRB5 49c2ade36779 5 1
HLA-DRB5 6750fe6b2cc3 3 1
HLA-DRB5 e2479cfeb090 1 1
HLA-DRB5 e312b542990e 2 1
